// Jest Snapshot v1, https://goo.gl/fbAQLP

exports[`analyticsLoaderFactory should load data for id with date range (not start of day) 1`] = `
Array [
  Object {
    "date": "2020-01-02T00:00:00.000+08:00",
    "lineUser": 24,
    "lineVisit": 24,
    "webUser": 24,
    "webVisit": 24,
  },
  Object {
    "date": "2020-01-03T00:00:00.000+08:00",
    "lineUser": 25,
    "lineVisit": 25,
    "webUser": 25,
    "webVisit": 25,
  },
  Object {
    "date": "2020-01-04T00:00:00.000+08:00",
    "lineUser": 26,
    "lineVisit": 26,
    "webUser": 26,
    "webVisit": 26,
  },
]
`;

exports[`analyticsLoaderFactory should load data for id with date range (start of day) 1`] = `
Array [
  Object {
    "date": "2020-01-02T00:00:00.000+08:00",
    "lineUser": 24,
    "lineVisit": 24,
    "webUser": 24,
    "webVisit": 24,
  },
  Object {
    "date": "2020-01-03T00:00:00.000+08:00",
    "lineUser": 25,
    "lineVisit": 25,
    "webUser": 25,
    "webVisit": 25,
  },
  Object {
    "date": "2020-01-04T00:00:00.000+08:00",
    "lineUser": 26,
    "lineVisit": 26,
    "webUser": 26,
    "webVisit": 26,
  },
]
`;

exports[`analyticsLoaderFactory should load last 31 days of data for given id 1`] = `
Array [
  Object {
    "date": "2019-12-11T00:00:00.000+08:00",
    "lineUser": 2,
    "lineVisit": 2,
    "webUser": 2,
    "webVisit": 2,
  },
  Object {
    "date": "2019-12-12T00:00:00.000+08:00",
    "lineUser": 3,
    "lineVisit": 3,
    "webUser": 3,
    "webVisit": 3,
  },
  Object {
    "date": "2019-12-13T00:00:00.000+08:00",
    "lineUser": 4,
    "lineVisit": 4,
    "webUser": 4,
    "webVisit": 4,
  },
  Object {
    "date": "2019-12-14T00:00:00.000+08:00",
    "lineUser": 5,
    "lineVisit": 5,
    "webUser": 5,
    "webVisit": 5,
  },
  Object {
    "date": "2019-12-15T00:00:00.000+08:00",
    "lineUser": 6,
    "lineVisit": 6,
    "webUser": 6,
    "webVisit": 6,
  },
  Object {
    "date": "2019-12-16T00:00:00.000+08:00",
    "lineUser": 7,
    "lineVisit": 7,
    "webUser": 7,
    "webVisit": 7,
  },
  Object {
    "date": "2019-12-17T00:00:00.000+08:00",
    "lineUser": 8,
    "lineVisit": 8,
    "webUser": 8,
    "webVisit": 8,
  },
  Object {
    "date": "2019-12-18T00:00:00.000+08:00",
    "lineUser": 9,
    "lineVisit": 9,
    "webUser": 9,
    "webVisit": 9,
  },
  Object {
    "date": "2019-12-19T00:00:00.000+08:00",
    "lineUser": 10,
    "lineVisit": 10,
    "webUser": 10,
    "webVisit": 10,
  },
  Object {
    "date": "2019-12-20T00:00:00.000+08:00",
    "lineUser": 11,
    "lineVisit": 11,
    "webUser": 11,
    "webVisit": 11,
  },
  Object {
    "date": "2019-12-21T00:00:00.000+08:00",
    "lineUser": 12,
    "lineVisit": 12,
    "webUser": 12,
    "webVisit": 12,
  },
  Object {
    "date": "2019-12-22T00:00:00.000+08:00",
    "lineUser": 13,
    "lineVisit": 13,
    "webUser": 13,
    "webVisit": 13,
  },
  Object {
    "date": "2019-12-23T00:00:00.000+08:00",
    "lineUser": 14,
    "lineVisit": 14,
    "webUser": 14,
    "webVisit": 14,
  },
  Object {
    "date": "2019-12-24T00:00:00.000+08:00",
    "lineUser": 15,
    "lineVisit": 15,
    "webUser": 15,
    "webVisit": 15,
  },
  Object {
    "date": "2019-12-25T00:00:00.000+08:00",
    "lineUser": 16,
    "lineVisit": 16,
    "webUser": 16,
    "webVisit": 16,
  },
  Object {
    "date": "2019-12-26T00:00:00.000+08:00",
    "lineUser": 17,
    "lineVisit": 17,
    "webUser": 17,
    "webVisit": 17,
  },
  Object {
    "date": "2019-12-27T00:00:00.000+08:00",
    "lineUser": 18,
    "lineVisit": 18,
    "webUser": 18,
    "webVisit": 18,
  },
  Object {
    "date": "2019-12-28T00:00:00.000+08:00",
    "lineUser": 19,
    "lineVisit": 19,
    "webUser": 19,
    "webVisit": 19,
  },
  Object {
    "date": "2019-12-29T00:00:00.000+08:00",
    "lineUser": 20,
    "lineVisit": 20,
    "webUser": 20,
    "webVisit": 20,
  },
  Object {
    "date": "2019-12-30T00:00:00.000+08:00",
    "lineUser": 21,
    "lineVisit": 21,
    "webUser": 21,
    "webVisit": 21,
  },
  Object {
    "date": "2019-12-31T00:00:00.000+08:00",
    "lineUser": 22,
    "lineVisit": 22,
    "webUser": 22,
    "webVisit": 22,
  },
  Object {
    "date": "2020-01-01T00:00:00.000+08:00",
    "lineUser": 23,
    "lineVisit": 23,
    "webUser": 23,
    "webVisit": 23,
  },
  Object {
    "date": "2020-01-02T00:00:00.000+08:00",
    "lineUser": 24,
    "lineVisit": 24,
    "webUser": 24,
    "webVisit": 24,
  },
  Object {
    "date": "2020-01-03T00:00:00.000+08:00",
    "lineUser": 25,
    "lineVisit": 25,
    "webUser": 25,
    "webVisit": 25,
  },
  Object {
    "date": "2020-01-04T00:00:00.000+08:00",
    "lineUser": 26,
    "lineVisit": 26,
    "webUser": 26,
    "webVisit": 26,
  },
  Object {
    "date": "2020-01-05T00:00:00.000+08:00",
    "lineUser": 27,
    "lineVisit": 27,
    "webUser": 27,
    "webVisit": 27,
  },
  Object {
    "date": "2020-01-06T00:00:00.000+08:00",
    "lineUser": 28,
    "lineVisit": 28,
    "webUser": 28,
    "webVisit": 28,
  },
  Object {
    "date": "2020-01-07T00:00:00.000+08:00",
    "lineUser": 29,
    "lineVisit": 29,
    "webUser": 29,
    "webVisit": 29,
  },
  Object {
    "date": "2020-01-08T00:00:00.000+08:00",
    "lineUser": 30,
    "lineVisit": 30,
    "webUser": 30,
    "webVisit": 30,
  },
  Object {
    "date": "2020-01-09T00:00:00.000+08:00",
    "lineUser": 31,
    "lineVisit": 31,
    "webUser": 31,
    "webVisit": 31,
  },
  Object {
    "date": "2020-01-10T00:00:00.000+08:00",
    "lineUser": 32,
    "lineVisit": 32,
    "webUser": 32,
    "webVisit": 32,
  },
]
`;
