exports[`GetArticle should get articles & associated replies from ID 1`] = `
Object {
  "data": Object {
    "GetArticle": Object {
      "replies": Array [
        Object {
          "versions": Array [
            Object {
              "reference": "barbar",
              "text": "bar",
              "type": "NOT_ARTICLE",
            },
          ],
        },
      ],
      "text": "foofoo",
    },
  },
}
`;
