// Jest Snapshot v1, https://goo.gl/fbAQLP

exports[`userFieldResolver returns the right backend user given appUserId 1`] = `null`;

exports[`userFieldResolver returns the right backend user given db userId 1`] = `null`;

exports[`userFieldResolver returns the right web user given userId 1`] = `null`;
